#-----------------------------------------------------------
# Vivado v2019.1 (64-bit)
# SW Build 2552052 on Fri May 24 14:49:42 MDT 2019
# IP Build 2548770 on Fri May 24 18:01:18 MDT 2019
# Start of session at: Mon Feb 15 16:29:34 2021
# Process ID: 23380
# Current directory: D:/Documents/workspace/CPP_Schoolworks/ECE4304/ECE4304_Lecture4
# Command line: vivado.exe -gui_launcher_event rodinguilauncherevent2364 D:\Documents\workspace\CPP_Schoolworks\ECE4304\ECE4304_Lecture4\Lecture3.xpr
# Log file: D:/Documents/workspace/CPP_Schoolworks/ECE4304/ECE4304_Lecture4/vivado.log
# Journal file: D:/Documents/workspace/CPP_Schoolworks/ECE4304/ECE4304_Lecture4\vivado.jou
#-----------------------------------------------------------
start_gui
open_project D:/Documents/workspace/CPP_Schoolworks/ECE4304/ECE4304_Lecture4/Lecture3.xpr
update_compile_order -fileset sources_1
close [ open D:/Documents/workspace/CPP_Schoolworks/ECE4304/ECE4304_Lecture4/Lecture3.srcs/sources_1/new/mux2x1.vhd w ]
add_files D:/Documents/workspace/CPP_Schoolworks/ECE4304/ECE4304_Lecture4/Lecture3.srcs/sources_1/new/mux2x1.vhd
update_compile_order -fileset sources_1
close [ open D:/Documents/workspace/CPP_Schoolworks/ECE4304/ECE4304_Lecture4/Lecture3.srcs/sources_1/new/muxnx1.vhd w ]
add_files D:/Documents/workspace/CPP_Schoolworks/ECE4304/ECE4304_Lecture4/Lecture3.srcs/sources_1/new/muxnx1.vhd
update_compile_order -fileset sources_1
